                                                                                
                                                                                
                                                                                
                                                                                
                                                                                
                                                                                
            wire(d) is starting...                                              
                                                                                
             [1] fetching total library files                                   
             [2] fetched a total of 137 audio files successfully                
                                                                                
                                                                                
                                                                                
                                                                                
              reload config     proceed anyway                                  
                                                                                
            h/l to move · enter to select · ctrl+d to quit                      
                                                                                
                                                                                
                                                                                
                                                                                
                                                                                
                                                                                
                                                                                