                                                                                
                                                                                
                                                                                
                                                                                
                                                                                
            wire(d) is starting...                                              
                                                                                
             [1] counting total library files                                   
                                                                                
                                                                                
                                                                                
                                                                                
                                                                                
            counting 42 audio files...                                          
                                                                                
              reload config     proceed anyway                                  
                                                                                
            h/l to move · enter to select · ctrl+d to quit                      
                                                                                
                                                                                
                                                                                
                                                                                
                                                                                
                                                                                