                                                                                
                                                                                
                                                                                
                                                                                
                                                                                
                                                                                
                             wire(d) is starting...                             
                                                                                
             [1] config parse failed                                            
             [2] keybinds.select must have at least one binding                 
             [3] theme.track must be a #RRGGBB hex color                        
                                                                                
                                                                                
                                                                                
                           reload config     proceed~                           
                                                                                
                 h/l to move · enter to select · ctrl+d to quit                 
                                                                                
                                                                                
                                                                                
                                                                                
                                                                                
                                                                                
                                                                                