                                                                                
                                                                                
                                                                                
                                                                                
                                                                                
                                                                                
            wire(d) is starting...                                              
                                                                                
                                                                                
                                                                                
                                                                                
                                                                                
                                                                                
                                                                                
              reload config     proceed anyway                                  
                                                                                
            h/l to move · enter to select · ctrl+d to quit                      
                                                                                
                                                                                
                                                                                
                                                                                
                                                                                
                                                                                
                                                                                