                                                                                
                                                                                
                   library stats · present day // present time                  
      ╭──────────────────────────────────────────────────────────────────╮      
      │LIBRARY SIZE                                                      │      
      │files      5                                                      │      
      │total      72.0 MiB                                               │      
      │avg/track  14.4 MiB                                               │      
      ╰──────────────────────────────────────────────────────────────────╯      
      ╭────────────────────────────────╮╭────────────────────────────────╮      
      │FILES BY FORMAT                 ││LIBRARY PATHS                   │      
      │.flac ████░░░░░░   2            ││00 /home/kuma/music             │      
      │.mp3  ██░░░░░░░░   1            ││01 /mnt/d/kuma/music/           │      
      │.ogg  ██░░░░░░░░   1            ││                                │      
      │.wav  ██░░░░░░░░   1            ││                                │      
      │                                ││                                │      
      │                                ││                                │      
      │                                ││                                │      
      │                                ││                                │      
      │                                ││                                │      
      ╰────────────────────────────────╯╰────────────────────────────────╯      
                              rescan library paths                              
                                                                                
                                                                                