                                                                                
                   library stats · present day // present time                  
      ╭──────────────────────────────────────────────────────────────────╮      
      │LIBRARY SIZE                                                      │      
      │files      --                                                     │      
      │total      0 B                                                    │      
      │avg/track  0 B                                                    │      
      ╰──────────────────────────────────────────────────────────────────╯      
      ╭────────────────────────────────╮╭────────────────────────────────╮      
      │FILES BY FORMAT                 ││LIBRARY PATHS                   │      
      │--                              ││no library paths in config      │      
      │                                ││                                │      
      │                                ││                                │      
      │                                ││                                │      
      │                                ││                                │      
      │                                ││                                │      
      │                                ││                                │      
      │                                ││                                │      
      │                                ││                                │      
      ╰────────────────────────────────╯╰────────────────────────────────╯      
                              rescan library paths                              
                                                                                
                                                                                
                                                                                