                                        
                                        
library stats · present day // present t
   the window is too small to render the
               library stats.           
                                        
                                        
                                        
                                        
                                        