                            library stats · present day // present time                           
╭─────────────────────────╮╭──────────────────────────────────╮╭─────────────────────────────────╮
│LIBRARY SIZE             ││METADATA HEALTH                   ││TOP ARTISTS                      │
│files total            --││no title                        --││by files                         │
│bytes total            --││no artist                       --││--                               │
│avg bytes              --││no album                        --││by albums                        │
│heaviest               --││duplicates                      --││--                               │
╰─────────────────────────╯╰──────────────────────────────────╯│by playtime                      │
╭─────────────────────────╮╭──────────────────────────────────╮│--                               │
│LIBRARY PATHS            ││FILES BY FORMAT                   ││                                 │
│no library paths         ││--                                ││                                 │
│                         ││                                  ││                                 │
│                         ││                                  ││                                 │
│                         ││                                  ││                                 │
│                         ││                                  ││                                 │
│                         ││                                  │╰─────────────────────────────────╯
│                         ││                                  │╭─────────────────────────────────╮
│                         ││                                  ││PLACEHOLDER                      │
│                         ││                                  ││                                 │
╰─────────────────────────╯╰──────────────────────────────────╯╰─────────────────────────────────╯
╭───────────────────────────────────────────────╮╭───────────────────────────────────────────────╮
│TRACK LENGTHS                                  ││ALBUM LENGTHS                                  │
│no duration data                               ││no duration data                               │
│                                               ││                                               │
│                                               ││                                               │
╰───────────────────────────────────────────────╯╰───────────────────────────────────────────────╯
   scan library (full)                                                                            
                                                                                                  
                                                                                                  