                   library stats · present day // present time                  
         ╭─────────────────────────╮╭──────────────────────────────────╮        
         │LIBRARY SIZE             ││METADATA HEALTH                   │        
         │files total            --││no title                        --│        
         │bytes total            --││no artist                       --│        
         │avg bytes              --││no album                        --│        
         │heaviest               --││duplicates                      --│        
         ╰─────────────────────────╯╰──────────────────────────────────╯        
         ╭─────────────────────────╮╭──────────────────────────────────╮        
         │LIBRARY PATHS            ││FILES BY FORMAT                   │        
         │no library paths         ││--                                │        
         │                         ││                                  │        
         │                         ││                                  │        
         │                         ││                                  │        
         │                         ││                                  │        
         │                         ││                                  │        
         │                         ││                                  │        
         │                         ││                                  │        
         │                         ││                                  │        
         ╰─────────────────────────╯╰──────────────────────────────────╯        
            scan library (full)     scan library (new only)                     
                                                                                
                                                                                
                                                                                